// Jest Snapshot v1, https://goo.gl/fbAQLP

exports[`renders without crashing 1`] = `
<DocumentFragment>
  <div
    class="ms-Fabric root-47"
  >
    <div
      class="css-s2v4g3-tableStyles"
    >
      <div
        class="ms-Viewport"
        style="min-width: 1px; min-height: 1px;"
      />
    </div>
  </div>
</DocumentFragment>
`;
