// Jest Snapshot v1, https://goo.gl/fbAQLP

exports[`renders without crashing 1`] = `
<DocumentFragment>
  <div
    class="ms-Fabric root-47"
  >
    <p>
      TODO: Candidate profile
    </p>
  </div>
</DocumentFragment>
`;
